TRACE: 2020/05/03 12:10:49 newsPageUrl:/topics/10340,newsPageTitle:GoCN 每日新闻 (2020-05-03)
TRACE: 2020/05/03 12:10:49 news is:Go 中的堆栈内联 ,url is:https://dave.cheney.net/2020/05/02/mid-stack-inlining-in-go
TRACE: 2020/05/03 12:10:49 news is:纯 Go 和 Flutter 的分布式 RTC 系统 ,url is:https://github.com/pion/ion
TRACE: 2020/05/03 12:10:49 news is:UDP 可靠协议 KCP 的 Go 语言实现 ,url is:https://github.com/shaoyuan1943/gokcp
TRACE: 2020/05/03 12:10:49 news is:如何判断 Golang 接口是否实现 ,url is:https://juejin.im/post/5eac17fc5188256d86196ebb
TRACE: 2020/05/03 12:10:49 news is:Go 内存管理 ,url is:https://zhuanlan.zhihu.com/p/27807169
